Archive member included to satisfy reference by file (symbol)

c:/program files (x86)/embitz/1.11/share/em_armgcc/bin/../lib/gcc/arm-none-eabi/5.4.1/../../../../arm-none-eabi/lib/armv6-m\libg_n.a(lib_a-exit.o)
                              c:/program files (x86)/embitz/1.11/share/em_armgcc/bin/../lib/gcc/arm-none-eabi/5.4.1/../../../../arm-none-eabi/lib/armv6-m/crt0.o (exit)
c:/program files (x86)/embitz/1.11/share/em_armgcc/bin/../lib/gcc/arm-none-eabi/5.4.1/../../../../arm-none-eabi/lib/armv6-m\libg_n.a(lib_a-fflush.o)
                              obj\release\src\librarycfg.o (symbol from plugin) (fflush)
c:/program files (x86)/embitz/1.11/share/em_armgcc/bin/../lib/gcc/arm-none-eabi/5.4.1/../../../../arm-none-eabi/lib/armv6-m\libg_n.a(lib_a-findfp.o)
                              c:/program files (x86)/embitz/1.11/share/em_armgcc/bin/../lib/gcc/arm-none-eabi/5.4.1/../../../../arm-none-eabi/lib/armv6-m\libg_n.a(lib_a-fflush.o) (__sinit)
c:/program files (x86)/embitz/1.11/share/em_armgcc/bin/../lib/gcc/arm-none-eabi/5.4.1/../../../../arm-none-eabi/lib/armv6-m\libg_n.a(lib_a-fwalk.o)
                              c:/program files (x86)/embitz/1.11/share/em_armgcc/bin/../lib/gcc/arm-none-eabi/5.4.1/../../../../arm-none-eabi/lib/armv6-m\libg_n.a(lib_a-findfp.o) (_fwalk)
c:/program files (x86)/embitz/1.11/share/em_armgcc/bin/../lib/gcc/arm-none-eabi/5.4.1/../../../../arm-none-eabi/lib/armv6-m\libg_n.a(lib_a-impure.o)
                              c:/program files (x86)/embitz/1.11/share/em_armgcc/bin/../lib/gcc/arm-none-eabi/5.4.1/../../../../arm-none-eabi/lib/armv6-m\libg_n.a(lib_a-exit.o) (_global_impure_ptr)
c:/program files (x86)/embitz/1.11/share/em_armgcc/bin/../lib/gcc/arm-none-eabi/5.4.1/../../../../arm-none-eabi/lib/armv6-m\libg_n.a(lib_a-init.o)
                              c:/program files (x86)/embitz/1.11/share/em_armgcc/bin/../lib/gcc/arm-none-eabi/5.4.1/../../../../arm-none-eabi/lib/armv6-m/crt0.o (__libc_init_array)
c:/program files (x86)/embitz/1.11/share/em_armgcc/bin/../lib/gcc/arm-none-eabi/5.4.1/../../../../arm-none-eabi/lib/armv6-m\libg_n.a(lib_a-memset.o)
                              c:/program files (x86)/embitz/1.11/share/em_armgcc/bin/../lib/gcc/arm-none-eabi/5.4.1/../../../../arm-none-eabi/lib/armv6-m/crt0.o (memset)
c:/program files (x86)/embitz/1.11/share/em_armgcc/bin/../lib/gcc/arm-none-eabi/5.4.1/../../../../arm-none-eabi/lib/armv6-m\libg_n.a(lib_a-nano-freer.o)
                              c:/program files (x86)/embitz/1.11/share/em_armgcc/bin/../lib/gcc/arm-none-eabi/5.4.1/../../../../arm-none-eabi/lib/armv6-m\libg_n.a(lib_a-fflush.o) (_free_r)
c:/program files (x86)/embitz/1.11/share/em_armgcc/bin/../lib/gcc/arm-none-eabi/5.4.1/../../../../arm-none-eabi/lib/armv6-m\libg_n.a(lib_a-nano-mallocr.o)
                              c:/program files (x86)/embitz/1.11/share/em_armgcc/bin/../lib/gcc/arm-none-eabi/5.4.1/../../../../arm-none-eabi/lib/armv6-m\libg_n.a(lib_a-findfp.o) (_malloc_r)
c:/program files (x86)/embitz/1.11/share/em_armgcc/bin/../lib/gcc/arm-none-eabi/5.4.1/../../../../arm-none-eabi/lib/armv6-m\libg_n.a(lib_a-nano-vfprintf_float.o)
                              (_printf_float)
c:/program files (x86)/embitz/1.11/share/em_armgcc/bin/../lib/gcc/arm-none-eabi/5.4.1/../../../../arm-none-eabi/lib/armv6-m\libg_n.a(lib_a-nano-vfprintf_i.o)
                              c:/program files (x86)/embitz/1.11/share/em_armgcc/bin/../lib/gcc/arm-none-eabi/5.4.1/../../../../arm-none-eabi/lib/armv6-m\libg_n.a(lib_a-nano-vfprintf_float.o) (_printf_common)
c:/program files (x86)/embitz/1.11/share/em_armgcc/bin/../lib/gcc/arm-none-eabi/5.4.1/../../../../arm-none-eabi/lib/armv6-m\libg_n.a(lib_a-sbrkr.o)
                              c:/program files (x86)/embitz/1.11/share/em_armgcc/bin/../lib/gcc/arm-none-eabi/5.4.1/../../../../arm-none-eabi/lib/armv6-m\libg_n.a(lib_a-nano-mallocr.o) (_sbrk_r)
c:/program files (x86)/embitz/1.11/share/em_armgcc/bin/../lib/gcc/arm-none-eabi/5.4.1/../../../../arm-none-eabi/lib/armv6-m\libg_n.a(lib_a-stdio.o)
                              c:/program files (x86)/embitz/1.11/share/em_armgcc/bin/../lib/gcc/arm-none-eabi/5.4.1/../../../../arm-none-eabi/lib/armv6-m\libg_n.a(lib_a-findfp.o) (__sread)
c:/program files (x86)/embitz/1.11/share/em_armgcc/bin/../lib/gcc/arm-none-eabi/5.4.1/../../../../arm-none-eabi/lib/armv6-m\libg_n.a(lib_a-strlen.o)
                              c:/program files (x86)/embitz/1.11/share/em_armgcc/bin/../lib/gcc/arm-none-eabi/5.4.1/../../../../arm-none-eabi/lib/armv6-m\libg_n.a(lib_a-nano-vfprintf_float.o) (strlen)
c:/program files (x86)/embitz/1.11/share/em_armgcc/bin/../lib/gcc/arm-none-eabi/5.4.1/../../../../arm-none-eabi/lib/armv6-m\libg_n.a(lib_a-writer.o)
                              c:/program files (x86)/embitz/1.11/share/em_armgcc/bin/../lib/gcc/arm-none-eabi/5.4.1/../../../../arm-none-eabi/lib/armv6-m\libg_n.a(lib_a-stdio.o) (_write_r)
[...]
Memory Configuration

Name             Origin             Length             Attributes
ROM              0x08000000         0x00008000         xr
RAM              0x20000000         0x00001000         xrw
*default*        0x00000000         0xffffffff

Linker script and memory map

LOAD c:/program files (x86)/embitz/1.11/share/em_armgcc/bin/../lib/gcc/arm-none-eabi/5.4.1/armv6-m/crti.o
LOAD c:/program files (x86)/embitz/1.11/share/em_armgcc/bin/../lib/gcc/arm-none-eabi/5.4.1/armv6-m/crtbegin.o
LOAD c:/program files (x86)/embitz/1.11/share/em_armgcc/bin/../lib/gcc/arm-none-eabi/5.4.1/../../../../arm-none-eabi/lib/armv6-m/crt0.o
                0x00000000                __HEAP_SIZE = 0x0
                0x00000100                __STACK_SIZE = 0x100

.text           0x08000000     0x5570
 *(.isr_vector)
 .isr_vector    0x08000000       0xc4 obj\release\~#\~#\common\spl_f030\src\startup_stm32f0xx.o
                0x08000000                __isr_vector
 *(.text*)
 .text          0x080000c4       0x60 c:/program files (x86)/embitz/1.11/share/em_armgcc/bin/../lib/gcc/arm-none-eabi/5.4.1/armv6-m/crtbegin.o
 .text          0x08000124       0x78 c:/program files (x86)/embitz/1.11/share/em_armgcc/bin/../lib/gcc/arm-none-eabi/5.4.1/../../../../arm-none-eabi/lib/armv6-m/crt0.o
                0x08000124                _start
                0x08000124                _mainCRTStartup
 .text.delay_us.part.0
                0x0800019c       0xa4 C:\Users\ADMIN\AppData\Local\Temp\ccSC2N0q.ltrans0.ltrans.o
 .text.delay_until_us
                0x08000240       0x4c C:\Users\ADMIN\AppData\Local\Temp\ccSC2N0q.ltrans0.ltrans.o
 .text.startup.main
                0x0800028c      0x4e4 C:\Users\ADMIN\AppData\Local\Temp\ccSC2N0q.ltrans0.ltrans.o
                0x0800028c                main
 .text._write   0x08000770       0xd8 C:\Users\ADMIN\AppData\Local\Temp\ccSC2N0q.ltrans0.ltrans.o
                0x08000770                _write
 .text.SystemInit
                0x08000848      0x110 C:\Users\ADMIN\AppData\Local\Temp\ccSC2N0q.ltrans0.ltrans.o
                0x08000848                SystemInit
 .text          0x08000958       0xa0 obj\release\~#\~#\common\spl_f030\src\startup_stm32f0xx.o
                0x08000958                Reset_Handler
                0x080009a2                NMI_Handler
                0x080009a4                HardFault_Handler
                0x080009a6                SVC_Handler
                0x080009a8                PendSV_Handler
                0x080009aa                SysTick_Handler
                0x080009ac                Default_Handler
                0x080009ae                WWDG_IRQHandler
                0x080009b0                PVD_IRQHandler
                0x080009b2                RTC_IRQHandler
                0x080009b4                FLASH_IRQHandler
                0x080009b6                RCC_IRQHandler
                0x080009b8                EXTI0_1_IRQHandler
                0x080009ba                EXTI2_3_IRQHandler
                0x080009bc                EXTI4_15_IRQHandler
                0x080009be                TS_IRQHandler
                0x080009c0                DMA1_Channel1_IRQHandler
                0x080009c2                DMA1_Channel2_3_IRQHandler
                0x080009c4                DMA1_Channel4_5_IRQHandler
                0x080009c6                ADC1_COMP_IRQHandler
                0x080009c8                TIM1_BRK_UP_TRG_COM_IRQHandler
                0x080009ca                TIM1_CC_IRQHandler
                0x080009cc                TIM2_IRQHandler
                0x080009ce                TIM3_IRQHandler
                0x080009d0                TIM6_DAC_IRQHandler
                0x080009d2                TIM7_IRQHandler
                0x080009d4                TIM14_IRQHandler
                0x080009d6                TIM15_IRQHandler
                0x080009d8                TIM16_IRQHandler
                0x080009da                TIM17_IRQHandler
                0x080009dc                I2C1_IRQHandler
                0x080009de                I2C2_IRQHandler
                0x080009e0                SPI1_IRQHandler
                0x080009e2                SPI2_IRQHandler
                0x080009e4                USART1_IRQHandler
                0x080009e6                USART2_IRQHandler
                0x080009e8                USART3_4_IRQHandler
                0x080009ea                CEC_IRQHandler
                0x080009ec                USB_IRQHandler
                0x080009ee                BootRAM
 .text.exit     0x080009f8       0x2c c:/program files (x86)/embitz/1.11/share/em_armgcc/bin/../lib/gcc/arm-none-eabi/5.4.1/../../../../arm-none-eabi/lib/armv6-m\libg_n.a(lib_a-exit.o)
                0x080009f8                exit
 .text.__sflush_r
                0x08000a24      0x10c c:/program files (x86)/embitz/1.11/share/em_armgcc/bin/../lib/gcc/arm-none-eabi/5.4.1/../../../../arm-none-eabi/lib/armv6-m\libg_n.a(lib_a-fflush.o)
                0x08000a24                __sflush_r
 .text._fflush_r
                0x08000b30       0x58 c:/program files (x86)/embitz/1.11/share/em_armgcc/bin/../lib/gcc/arm-none-eabi/5.4.1/../../../../arm-none-eabi/lib/armv6-m\libg_n.a(lib_a-fflush.o)
                0x08000b30                _fflush_r
 .text._cleanup_r
                0x08000b88       0x10 c:/program files (x86)/embitz/1.11/share/em_armgcc/bin/../lib/gcc/arm-none-eabi/5.4.1/../../../../arm-none-eabi/lib/armv6-m\libg_n.a(lib_a-findfp.o)
                0x08000b88                _cleanup_r
 .text.std.isra.0
                0x08000b98       0x48 c:/program files (x86)/embitz/1.11/share/em_armgcc/bin/../lib/gcc/arm-none-eabi/5.4.1/../../../../arm-none-eabi/lib/armv6-m\libg_n.a(lib_a-findfp.o)
 .text.__sfmoreglue
                0x08000be0       0x2c c:/program files (x86)/embitz/1.11/share/em_armgcc/bin/../lib/gcc/arm-none-eabi/5.4.1/../../../../arm-none-eabi/lib/armv6-m\libg_n.a(lib_a-findfp.o)
                0x08000be0                __sfmoreglue
 .text.__sinit  0x08000c0c       0x68 c:/program files (x86)/embitz/1.11/share/em_armgcc/bin/../lib/gcc/arm-none-eabi/5.4.1/../../../../arm-none-eabi/lib/armv6-m\libg_n.a(lib_a-findfp.o)
                0x08000c0c                __sinit
 .text.__sfp    0x08000c74       0x7c c:/program files (x86)/embitz/1.11/share/em_armgcc/bin/../lib/gcc/arm-none-eabi/5.4.1/../../../../arm-none-eabi/lib/armv6-m\libg_n.a(lib_a-findfp.o)
                0x08000c74                __sfp
 .text._fwalk_reent
                0x08000cf0       0x42 c:/program files (x86)/embitz/1.11/share/em_armgcc/bin/../lib/gcc/arm-none-eabi/5.4.1/../../../../arm-none-eabi/lib/armv6-m\libg_n.a(lib_a-fwalk.o)
                0x08000cf0                _fwalk_reent
 *fill*         0x08000d32        0x2 
 .text.__libc_init_array
                0x08000d34       0x4c c:/program files (x86)/embitz/1.11/share/em_armgcc/bin/../lib/gcc/arm-none-eabi/5.4.1/../../../../arm-none-eabi/lib/armv6-m\libg_n.a(lib_a-init.o)
                0x08000d34                __libc_init_array
 .text.memset   0x08000d80       0x10 c:/program files (x86)/embitz/1.11/share/em_armgcc/bin/../lib/gcc/arm-none-eabi/5.4.1/../../../../arm-none-eabi/lib/armv6-m\libg_n.a(lib_a-memset.o)
                0x08000d80                memset
 .text._free_r  0x08000d90       0x98 c:/program files (x86)/embitz/1.11/share/em_armgcc/bin/../lib/gcc/arm-none-eabi/5.4.1/../../../../arm-none-eabi/lib/armv6-m\libg_n.a(lib_a-nano-freer.o)
                0x08000d90                _free_r
 .text._malloc_r
                0x08000e28       0xc0 c:/program files (x86)/embitz/1.11/share/em_armgcc/bin/../lib/gcc/arm-none-eabi/5.4.1/../../../../arm-none-eabi/lib/armv6-m\libg_n.a(lib_a-nano-mallocr.o)
                0x08000e28                _malloc_r
 .text.__cvt    0x08000ee8       0xca c:/program files (x86)/embitz/1.11/share/em_armgcc/bin/../lib/gcc/arm-none-eabi/5.4.1/../../../../arm-none-eabi/lib/armv6-m\libg_n.a(lib_a-nano-vfprintf_float.o)
                0x08000ee8                __cvt
 .text.__exponent
                0x08000fb2       0x62 c:/program files (x86)/embitz/1.11/share/em_armgcc/bin/../lib/gcc/arm-none-eabi/5.4.1/../../../../arm-none-eabi/lib/armv6-m\libg_n.a(lib_a-nano-vfprintf_float.o)
                0x08000fb2                __exponent
 .text._printf_float
                0x08001014      0x4a0 c:/program files (x86)/embitz/1.11/share/em_armgcc/bin/../lib/gcc/arm-none-eabi/5.4.1/../../../../arm-none-eabi/lib/armv6-m\libg_n.a(lib_a-nano-vfprintf_float.o)
                0x08001014                _printf_float
 .text._printf_common
                0x080014b4       0xdc c:/program files (x86)/embitz/1.11/share/em_armgcc/bin/../lib/gcc/arm-none-eabi/5.4.1/../../../../arm-none-eabi/lib/armv6-m\libg_n.a(lib_a-nano-vfprintf_i.o)
                0x080014b4                _printf_common
 .text._printf_i
                0x08001590      0x244 c:/program files (x86)/embitz/1.11/share/em_armgcc/bin/../lib/gcc/arm-none-eabi/5.4.1/../../../../arm-none-eabi/lib/armv6-m\libg_n.a(lib_a-nano-vfprintf_i.o)
                0x08001590                _printf_i
 .text._sbrk_r  0x080017d4       0x24 c:/program files (x86)/embitz/1.11/share/em_armgcc/bin/../lib/gcc/arm-none-eabi/5.4.1/../../../../arm-none-eabi/lib/armv6-m\libg_n.a(lib_a-sbrkr.o)
                0x080017d4                _sbrk_r
 .text.__sread  0x080017f8       0x28 c:/program files (x86)/embitz/1.11/share/em_armgcc/bin/../lib/gcc/arm-none-eabi/5.4.1/../../../../arm-none-eabi/lib/armv6-m\libg_n.a(lib_a-stdio.o)
                0x080017f8                __sread
 .text.__swrite
                0x08001820       0x38 c:/program files (x86)/embitz/1.11/share/em_armgcc/bin/../lib/gcc/arm-none-eabi/5.4.1/../../../../arm-none-eabi/lib/armv6-m\libg_n.a(lib_a-stdio.o)
                0x08001820                __swrite
 .text.__sseek  0x08001858       0x2c c:/program files (x86)/embitz/1.11/share/em_armgcc/bin/../lib/gcc/arm-none-eabi/5.4.1/../../../../arm-none-eabi/lib/armv6-m\libg_n.a(lib_a-stdio.o)
                0x08001858                __sseek
 .text.__sclose
                0x08001884        0xc c:/program files (x86)/embitz/1.11/share/em_armgcc/bin/../lib/gcc/arm-none-eabi/5.4.1/../../../../arm-none-eabi/lib/armv6-m\libg_n.a(lib_a-stdio.o)
                0x08001884                __sclose
 .text          0x08001890        0xe c:/program files (x86)/embitz/1.11/share/em_armgcc/bin/../lib/gcc/arm-none-eabi/5.4.1/../../../../arm-none-eabi/lib/armv6-m\libg_n.a(lib_a-strlen.o)
                0x08001890                strlen
 *fill*         0x0800189e        0x2 
 .text._write_r
                0x080018a0       0x28 c:/program files (x86)/embitz/1.11/share/em_armgcc/bin/../lib/gcc/arm-none-eabi/5.4.1/../../../../arm-none-eabi/lib/armv6-m\libg_n.a(lib_a-writer.o)
                0x080018a0                _write_r
 .text._close_r
                0x080018c8       0x24 c:/program files (x86)/embitz/1.11/share/em_armgcc/bin/../lib/gcc/arm-none-eabi/5.4.1/../../../../arm-none-eabi/lib/armv6-m\libg_n.a(lib_a-closer.o)
                0x080018c8                _close_r
 .text.quorem   0x080018ec      0x10c c:/program files (x86)/embitz/1.11/share/em_armgcc/bin/../lib/gcc/arm-none-eabi/5.4.1/../../../../arm-none-eabi/lib/armv6-m\libg_n.a(lib_a-dtoa.o)
 .text._dtoa_r  0x080019f8      0xb8c c:/program files (x86)/embitz/1.11/share/em_armgcc/bin/../lib/gcc/arm-none-eabi/5.4.1/../../../../arm-none-eabi/lib/armv6-m\libg_n.a(lib_a-dtoa.o)
                0x080019f8                _dtoa_r
 .text._localeconv_r
                0x08002584        0x8 c:/program files (x86)/embitz/1.11/share/em_armgcc/bin/../lib/gcc/arm-none-eabi/5.4.1/../../../../arm-none-eabi/lib/armv6-m\libg_n.a(lib_a-locale.o)
                0x08002584                _localeconv_r
 .text._lseek_r
                0x0800258c       0x28 c:/program files (x86)/embitz/1.11/share/em_armgcc/bin/../lib/gcc/arm-none-eabi/5.4.1/../../../../arm-none-eabi/lib/armv6-m\libg_n.a(lib_a-lseekr.o)
                0x0800258c                _lseek_r
 .text.malloc   0x080025b4       0x14 c:/program files (x86)/embitz/1.11/share/em_armgcc/bin/../lib/gcc/arm-none-eabi/5.4.1/../../../../arm-none-eabi/lib/armv6-m\libg_n.a(lib_a-malloc.o)
                0x080025b4                malloc
 .text.memchr   0x080025c8       0x16 c:/program files (x86)/embitz/1.11/share/em_armgcc/bin/../lib/gcc/arm-none-eabi/5.4.1/../../../../arm-none-eabi/lib/armv6-m\libg_n.a(lib_a-memchr-stub.o)
                0x080025c8                memchr
 .text.memcpy   0x080025de       0x12 c:/program files (x86)/embitz/1.11/share/em_armgcc/bin/../lib/gcc/arm-none-eabi/5.4.1/../../../../arm-none-eabi/lib/armv6-m\libg_n.a(lib_a-memcpy-stub.o)
                0x080025de                memcpy
 .text.__malloc_lock
                0x080025f0        0x2 c:/program files (x86)/embitz/1.11/share/em_armgcc/bin/../lib/gcc/arm-none-eabi/5.4.1/../../../../arm-none-eabi/lib/armv6-m\libg_n.a(lib_a-mlock.o)
                0x080025f0                __malloc_lock
 .text.__malloc_unlock
                0x080025f2        0x2 c:/program files (x86)/embitz/1.11/share/em_armgcc/bin/../lib/gcc/arm-none-eabi/5.4.1/../../../../arm-none-eabi/lib/armv6-m\libg_n.a(lib_a-mlock.o)
                0x080025f2                __malloc_unlock
 .text._Balloc  0x080025f4       0x70 c:/program files (x86)/embitz/1.11/share/em_armgcc/bin/../lib/gcc/arm-none-eabi/5.4.1/../../../../arm-none-eabi/lib/armv6-m\libg_n.a(lib_a-mprec.o)
                0x080025f4                _Balloc
 .text._Bfree   0x08002664       0x32 c:/program files (x86)/embitz/1.11/share/em_armgcc/bin/../lib/gcc/arm-none-eabi/5.4.1/../../../../arm-none-eabi/lib/armv6-m\libg_n.a(lib_a-mprec.o)
                0x08002664                _Bfree
 .text.__multadd
                0x08002696       0x7a c:/program files (x86)/embitz/1.11/share/em_armgcc/bin/../lib/gcc/arm-none-eabi/5.4.1/../../../../arm-none-eabi/lib/armv6-m\libg_n.a(lib_a-mprec.o)
                0x08002696                __multadd
 .text.__hi0bits
                0x08002710       0x36 c:/program files (x86)/embitz/1.11/share/em_armgcc/bin/../lib/gcc/arm-none-eabi/5.4.1/../../../../arm-none-eabi/lib/armv6-m\libg_n.a(lib_a-mprec.o)
                0x08002710                __hi0bits
 .text.__lo0bits
                0x08002746       0x5e c:/program files (x86)/embitz/1.11/share/em_armgcc/bin/../lib/gcc/arm-none-eabi/5.4.1/../../../../arm-none-eabi/lib/armv6-m\libg_n.a(lib_a-mprec.o)
                0x08002746                __lo0bits
 .text.__i2b    0x080027a4       0x12 c:/program files (x86)/embitz/1.11/share/em_armgcc/bin/../lib/gcc/arm-none-eabi/5.4.1/../../../../arm-none-eabi/lib/armv6-m\libg_n.a(lib_a-mprec.o)
                0x080027a4                __i2b
 .text.__multiply
                0x080027b6      0x112 c:/program files (x86)/embitz/1.11/share/em_armgcc/bin/../lib/gcc/arm-none-eabi/5.4.1/../../../../arm-none-eabi/lib/armv6-m\libg_n.a(lib_a-mprec.o)
                0x080027b6                __multiply
 .text.__pow5mult
                0x080028c8       0xa8 c:/program files (x86)/embitz/1.11/share/em_armgcc/bin/../lib/gcc/arm-none-eabi/5.4.1/../../../../arm-none-eabi/lib/armv6-m\libg_n.a(lib_a-mprec.o)
                0x080028c8                __pow5mult
 .text.__lshift
                0x08002970       0xa4 c:/program files (x86)/embitz/1.11/share/em_armgcc/bin/../lib/gcc/arm-none-eabi/5.4.1/../../../../arm-none-eabi/lib/armv6-m\libg_n.a(lib_a-mprec.o)
                0x08002970                __lshift
 .text.__mcmp   0x08002a14       0x36 c:/program files (x86)/embitz/1.11/share/em_armgcc/bin/../lib/gcc/arm-none-eabi/5.4.1/../../../../arm-none-eabi/lib/armv6-m\libg_n.a(lib_a-mprec.o)
                0x08002a14                __mcmp
 .text.__mdiff  0x08002a4a       0xd6 c:/program files (x86)/embitz/1.11/share/em_armgcc/bin/../lib/gcc/arm-none-eabi/5.4.1/../../../../arm-none-eabi/lib/armv6-m\libg_n.a(lib_a-mprec.o)
                0x08002a4a                __mdiff
 .text.__d2b    0x08002b20       0xa8 c:/program files (x86)/embitz/1.11/share/em_armgcc/bin/../lib/gcc/arm-none-eabi/5.4.1/../../../../arm-none-eabi/lib/armv6-m\libg_n.a(lib_a-mprec.o)
                0x08002b20                __d2b
 .text._calloc_r
                0x08002bc8       0x1c c:/program files (x86)/embitz/1.11/share/em_armgcc/bin/../lib/gcc/arm-none-eabi/5.4.1/../../../../arm-none-eabi/lib/armv6-m\libg_n.a(lib_a-nano-callocr.o)
                0x08002bc8                _calloc_r
 .text._read_r  0x08002be4       0x28 c:/program files (x86)/embitz/1.11/share/em_armgcc/bin/../lib/gcc/arm-none-eabi/5.4.1/../../../../arm-none-eabi/lib/armv6-m\libg_n.a(lib_a-readr.o)
                0x08002be4                _read_r
 .text          0x08002c0c       0x14 c:/program files (x86)/embitz/1.11/share/em_armgcc/bin/../lib/gcc/arm-none-eabi/5.4.1/armv6-m\libgcc.a(_thumb1_case_uqi.o)
                0x08002c0c                __gnu_thumb1_case_uqi
 .text          0x08002c20      0x114 c:/program files (x86)/embitz/1.11/share/em_armgcc/bin/../lib/gcc/arm-none-eabi/5.4.1/armv6-m\libgcc.a(_udivsi3.o)
                0x08002c20                __aeabi_uidiv
                0x08002c20                __udivsi3
                0x08002d2c                __aeabi_uidivmod
 .text          0x08002d34      0x1d4 c:/program files (x86)/embitz/1.11/share/em_armgcc/bin/../lib/gcc/arm-none-eabi/5.4.1/armv6-m\libgcc.a(_divsi3.o)
                0x08002d34                __divsi3
                0x08002d34                __aeabi_idiv
                0x08002f00                __aeabi_idivmod
 .text          0x08002f08        0x4 c:/program files (x86)/embitz/1.11/share/em_armgcc/bin/../lib/gcc/arm-none-eabi/5.4.1/armv6-m\libgcc.a(_dvmd_tls.o)
                0x08002f08                __aeabi_idiv0
                0x08002f08                __aeabi_ldiv0
 .text          0x08002f0c       0x7c c:/program files (x86)/embitz/1.11/share/em_armgcc/bin/../lib/gcc/arm-none-eabi/5.4.1/armv6-m\libgcc.a(_arm_cmpdf2.o)
                0x08002f0c                __aeabi_cdrcmple
                0x08002f1c                __aeabi_cdcmple
                0x08002f1c                __aeabi_cdcmpeq
                0x08002f2c                __aeabi_dcmpeq
                0x08002f38                __aeabi_dcmplt
                0x08002f4c                __aeabi_dcmple
                0x08002f60                __aeabi_dcmpgt
                0x08002f74                __aeabi_dcmpge
 .text          0x08002f88      0x658 c:/program files (x86)/embitz/1.11/share/em_armgcc/bin/../lib/gcc/arm-none-eabi/5.4.1/armv6-m\libgcc.a(adddf3.o)
                0x08002f88                __aeabi_dadd
 .text          0x080035e0      0x62c c:/program files (x86)/embitz/1.11/share/em_armgcc/bin/../lib/gcc/arm-none-eabi/5.4.1/armv6-m\libgcc.a(divdf3.o)
                0x080035e0                __aeabi_ddiv
 .text          0x08003c0c       0x80 c:/program files (x86)/embitz/1.11/share/em_armgcc/bin/../lib/gcc/arm-none-eabi/5.4.1/armv6-m\libgcc.a(eqdf2.o)
                0x08003c0c                __nedf2
                0x08003c0c                __eqdf2
 .text          0x08003c8c       0xc8 c:/program files (x86)/embitz/1.11/share/em_armgcc/bin/../lib/gcc/arm-none-eabi/5.4.1/armv6-m\libgcc.a(gedf2.o)
                0x08003c8c                __gedf2
                0x08003c8c                __gtdf2
 .text          0x08003d54       0xd4 c:/program files (x86)/embitz/1.11/share/em_armgcc/bin/../lib/gcc/arm-none-eabi/5.4.1/armv6-m\libgcc.a(ledf2.o)
                0x08003d54                __ledf2
                0x08003d54                __ltdf2
 .text          0x08003e28      0x4f4 c:/program files (x86)/embitz/1.11/share/em_armgcc/bin/../lib/gcc/arm-none-eabi/5.4.1/armv6-m\libgcc.a(muldf3.o)
                0x08003e28                __aeabi_dmul
 .text          0x0800431c      0x6a8 c:/program files (x86)/embitz/1.11/share/em_armgcc/bin/../lib/gcc/arm-none-eabi/5.4.1/armv6-m\libgcc.a(subdf3.o)
                0x0800431c                __aeabi_dsub
 .text          0x080049c4       0x40 c:/program files (x86)/embitz/1.11/share/em_armgcc/bin/../lib/gcc/arm-none-eabi/5.4.1/armv6-m\libgcc.a(unorddf2.o)
                0x080049c4                __aeabi_dcmpun
 .text          0x08004a04       0x6c c:/program files (x86)/embitz/1.11/share/em_armgcc/bin/../lib/gcc/arm-none-eabi/5.4.1/armv6-m\libgcc.a(fixdfsi.o)
                0x08004a04                __aeabi_d2iz
 .text          0x08004a70       0x84 c:/program files (x86)/embitz/1.11/share/em_armgcc/bin/../lib/gcc/arm-none-eabi/5.4.1/armv6-m\libgcc.a(floatsidf.o)
                0x08004a70                __aeabi_i2d
 .text          0x08004af4       0x70 c:/program files (x86)/embitz/1.11/share/em_armgcc/bin/../lib/gcc/arm-none-eabi/5.4.1/armv6-m\libgcc.a(floatunsidf.o)
                0x08004af4                __aeabi_ui2d
 .text          0x08004b64       0x3c c:/program files (x86)/embitz/1.11/share/em_armgcc/bin/../lib/gcc/arm-none-eabi/5.4.1/armv6-m\libgcc.a(_clzsi2.o)
                0x08004b64                __clzsi2
 .text._close   0x08004ba0       0x10 c:/program files (x86)/embitz/1.11/share/em_armgcc/bin/../lib/gcc/arm-none-eabi/5.4.1/../../../../arm-none-eabi/lib/armv6-m\libnosys_s.a(close.o)
                0x08004ba0                _close
 .text._lseek   0x08004bb0       0x10 c:/program files (x86)/embitz/1.11/share/em_armgcc/bin/../lib/gcc/arm-none-eabi/5.4.1/../../../../arm-none-eabi/lib/armv6-m\libnosys_s.a(lseek.o)
                0x08004bb0                _lseek
 .text._read    0x08004bc0       0x10 c:/program files (x86)/embitz/1.11/share/em_armgcc/bin/../lib/gcc/arm-none-eabi/5.4.1/../../../../arm-none-eabi/lib/armv6-m\libnosys_s.a(read.o)
                0x08004bc0                _read
 .text._sbrk    0x08004bd0       0x20 c:/program files (x86)/embitz/1.11/share/em_armgcc/bin/../lib/gcc/arm-none-eabi/5.4.1/../../../../arm-none-eabi/lib/armv6-m\libnosys_s.a(sbrk.o)
                0x08004bd0                _sbrk
 .text._exit    0x08004bf0        0x2 c:/program files (x86)/embitz/1.11/share/em_armgcc/bin/../lib/gcc/arm-none-eabi/5.4.1/../../../../arm-none-eabi/lib/armv6-m\libnosys_s.a(_exit.o)
                0x08004bf0                _exit
 *fill*         0x08004bf2        0x2 
 .text.printf   0x08004bf4       0x34 c:/program files (x86)/embitz/1.11/share/em_armgcc/bin/../lib/gcc/arm-none-eabi/5.4.1/../../../../arm-none-eabi/lib/armv6-m\libg_n.a(lib_a-printf.o)
                0x08004bf4                iprintf
                0x08004bf4                printf
 .text.putchar  0x08004c28       0x28 c:/program files (x86)/embitz/1.11/share/em_armgcc/bin/../lib/gcc/arm-none-eabi/5.4.1/../../../../arm-none-eabi/lib/armv6-m\libg_n.a(lib_a-putchar.o)
                0x08004c28                putchar
 .text.__sfputc_r
                0x08004c50       0x2a c:/program files (x86)/embitz/1.11/share/em_armgcc/bin/../lib/gcc/arm-none-eabi/5.4.1/../../../../arm-none-eabi/lib/armv6-m\libg_n.a(lib_a-nano-vfprintf.o)
 .text.__sfputs_r
                0x08004c7a       0x24 c:/program files (x86)/embitz/1.11/share/em_armgcc/bin/../lib/gcc/arm-none-eabi/5.4.1/../../../../arm-none-eabi/lib/armv6-m\libg_n.a(lib_a-nano-vfprintf.o)
                0x08004c7a                __sfputs_r
 *fill*         0x08004c9e        0x2 
 .text._vfprintf_r
                0x08004ca0      0x238 c:/program files (x86)/embitz/1.11/share/em_armgcc/bin/../lib/gcc/arm-none-eabi/5.4.1/../../../../arm-none-eabi/lib/armv6-m\libg_n.a(lib_a-nano-vfprintf.o)
                0x08004ca0                _vfprintf_r
                0x08004ca0                _vfiprintf_r
 .text._putc_r  0x08004ed8       0x6c c:/program files (x86)/embitz/1.11/share/em_armgcc/bin/../lib/gcc/arm-none-eabi/5.4.1/../../../../arm-none-eabi/lib/armv6-m\libg_n.a(lib_a-putc.o)
                0x08004ed8                _putc_r
 .text.__swbuf_r
                0x08004f44       0xb0 c:/program files (x86)/embitz/1.11/share/em_armgcc/bin/../lib/gcc/arm-none-eabi/5.4.1/../../../../arm-none-eabi/lib/armv6-m\libg_n.a(lib_a-wbuf.o)
                0x08004f44                __swbuf_r
 .text.__swsetup_r
                0x08004ff4       0xec c:/program files (x86)/embitz/1.11/share/em_armgcc/bin/../lib/gcc/arm-none-eabi/5.4.1/../../../../arm-none-eabi/lib/armv6-m\libg_n.a(lib_a-wsetup.o)
                0x08004ff4                __swsetup_r
 .text.__swhatbuf_r
                0x080050e0       0x4c c:/program files (x86)/embitz/1.11/share/em_armgcc/bin/../lib/gcc/arm-none-eabi/5.4.1/../../../../arm-none-eabi/lib/armv6-m\libg_n.a(lib_a-makebuf.o)
                0x080050e0                __swhatbuf_r
 .text.__smakebuf_r
                0x0800512c       0x7c c:/program files (x86)/embitz/1.11/share/em_armgcc/bin/../lib/gcc/arm-none-eabi/5.4.1/../../../../arm-none-eabi/lib/armv6-m\libg_n.a(lib_a-makebuf.o)
                0x0800512c                __smakebuf_r
 .text._fstat_r
                0x080051a8       0x24 c:/program files (x86)/embitz/1.11/share/em_armgcc/bin/../lib/gcc/arm-none-eabi/5.4.1/../../../../arm-none-eabi/lib/armv6-m\libg_n.a(lib_a-fstatr.o)
                0x080051a8                _fstat_r
 .text._isatty_r
                0x080051cc       0x24 c:/program files (x86)/embitz/1.11/share/em_armgcc/bin/../lib/gcc/arm-none-eabi/5.4.1/../../../../arm-none-eabi/lib/armv6-m\libg_n.a(lib_a-isattyr.o)
                0x080051cc                _isatty_r
 .text._fstat   0x080051f0       0x10 c:/program files (x86)/embitz/1.11/share/em_armgcc/bin/../lib/gcc/arm-none-eabi/5.4.1/../../../../arm-none-eabi/lib/armv6-m\libnosys_s.a(fstat.o)
                0x080051f0                _fstat
 .text._isatty  0x08005200       0x10 c:/program files (x86)/embitz/1.11/share/em_armgcc/bin/../lib/gcc/arm-none-eabi/5.4.1/../../../../arm-none-eabi/lib/armv6-m\libnosys_s.a(isatty.o)
                0x08005200                _isatty
 *(.init)
 .init          0x08005210        0x4 c:/program files (x86)/embitz/1.11/share/em_armgcc/bin/../lib/gcc/arm-none-eabi/5.4.1/armv6-m/crti.o
                0x08005210                _init
 .init          0x08005214        0x8 c:/program files (x86)/embitz/1.11/share/em_armgcc/bin/../lib/gcc/arm-none-eabi/5.4.1/armv6-m/crtn.o
 *(.fini)
 .fini          0x0800521c        0x4 c:/program files (x86)/embitz/1.11/share/em_armgcc/bin/../lib/gcc/arm-none-eabi/5.4.1/armv6-m/crti.o
                0x0800521c                _fini
 .fini          0x08005220        0x8 c:/program files (x86)/embitz/1.11/share/em_armgcc/bin/../lib/gcc/arm-none-eabi/5.4.1/armv6-m/crtn.o
 *crtbegin.o(.ctors)
 *crtbegin?.o(.ctors)
 *(EXCLUDE_FILE(*crtend.o *crtend?.o) .ctors)
 *(SORT(.ctors.*))
 *(.ctors)
 *crtbegin.o(.dtors)
 *crtbegin?.o(.dtors)
 *(EXCLUDE_FILE(*crtend.o *crtend?.o) .dtors)
 *(SORT(.dtors.*))
 *(.dtors)
 *(.rodata*)
 .rodata.str1.4
                0x08005228       0xfc C:\Users\ADMIN\AppData\Local\Temp\ccSC2N0q.ltrans0.ltrans.o
                                 0xf9 (size before relaxing)
 .rodata.__sf_fake_stdin
                0x08005324       0x20 c:/program files (x86)/embitz/1.11/share/em_armgcc/bin/../lib/gcc/arm-none-eabi/5.4.1/../../../../arm-none-eabi/lib/armv6-m\libg_n.a(lib_a-findfp.o)
                0x08005324                __sf_fake_stdin
 .rodata.__sf_fake_stdout
                0x08005344       0x20 c:/program files (x86)/embitz/1.11/share/em_armgcc/bin/../lib/gcc/arm-none-eabi/5.4.1/../../../../arm-none-eabi/lib/armv6-m\libg_n.a(lib_a-findfp.o)
                0x08005344                __sf_fake_stdout
 .rodata.__sf_fake_stderr
                0x08005364       0x20 c:/program files (x86)/embitz/1.11/share/em_armgcc/bin/../lib/gcc/arm-none-eabi/5.4.1/../../../../arm-none-eabi/lib/armv6-m\libg_n.a(lib_a-findfp.o)
                0x08005364                __sf_fake_stderr
 .rodata.str1.1
                0x08005384        0x2 c:/program files (x86)/embitz/1.11/share/em_armgcc/bin/../lib/gcc/arm-none-eabi/5.4.1/../../../../arm-none-eabi/lib/armv6-m\libg_n.a(lib_a-impure.o)
 *fill*         0x08005386        0x2 
 .rodata._global_impure_ptr
                0x08005388        0x4 c:/program files (x86)/embitz/1.11/share/em_armgcc/bin/../lib/gcc/arm-none-eabi/5.4.1/../../../../arm-none-eabi/lib/armv6-m\libg_n.a(lib_a-impure.o)
                0x08005388                _global_impure_ptr
 .rodata.str1.1
                0x0800538c       0x12 c:/program files (x86)/embitz/1.11/share/em_armgcc/bin/../lib/gcc/arm-none-eabi/5.4.1/../../../../arm-none-eabi/lib/armv6-m\libg_n.a(lib_a-nano-vfprintf_float.o)
 .rodata.str1.1
                0x0800539e       0x22 c:/program files (x86)/embitz/1.11/share/em_armgcc/bin/../lib/gcc/arm-none-eabi/5.4.1/../../../../arm-none-eabi/lib/armv6-m\libg_n.a(lib_a-nano-vfprintf_i.o)
 .rodata.str1.1
                0x080053c0        0xd c:/program files (x86)/embitz/1.11/share/em_armgcc/bin/../lib/gcc/arm-none-eabi/5.4.1/../../../../arm-none-eabi/lib/armv6-m\libg_n.a(lib_a-dtoa.o)
                                  0xf (size before relaxing)
 .rodata.str1.1
                0x080053cd        0x8 c:/program files (x86)/embitz/1.11/share/em_armgcc/bin/../lib/gcc/arm-none-eabi/5.4.1/../../../../arm-none-eabi/lib/armv6-m\libg_n.a(lib_a-locale.o)
                                  0xb (size before relaxing)
 *fill*         0x080053d5        0x3 
 .rodata.__mprec_tens
                0x080053d8       0xc8 c:/program files (x86)/embitz/1.11/share/em_armgcc/bin/../lib/gcc/arm-none-eabi/5.4.1/../../../../arm-none-eabi/lib/armv6-m\libg_n.a(lib_a-mprec.o)
                0x080053d8                __mprec_tens
 .rodata.p05.5408
                0x080054a0        0xc c:/program files (x86)/embitz/1.11/share/em_armgcc/bin/../lib/gcc/arm-none-eabi/5.4.1/../../../../arm-none-eabi/lib/armv6-m\libg_n.a(lib_a-mprec.o)
 *fill*         0x080054ac        0x4 
 .rodata.__mprec_bigtens
                0x080054b0       0x28 c:/program files (x86)/embitz/1.11/share/em_armgcc/bin/../lib/gcc/arm-none-eabi/5.4.1/../../../../arm-none-eabi/lib/armv6-m\libg_n.a(lib_a-mprec.o)
                0x080054b0                __mprec_bigtens
 .rodata        0x080054d8       0x40 c:/program files (x86)/embitz/1.11/share/em_armgcc/bin/../lib/gcc/arm-none-eabi/5.4.1/armv6-m\libgcc.a(divdf3.o)
 .rodata        0x08005518       0x40 c:/program files (x86)/embitz/1.11/share/em_armgcc/bin/../lib/gcc/arm-none-eabi/5.4.1/armv6-m\libgcc.a(muldf3.o)
 .rodata.str1.1
                0x08005558       0x11 c:/program files (x86)/embitz/1.11/share/em_armgcc/bin/../lib/gcc/arm-none-eabi/5.4.1/../../../../arm-none-eabi/lib/armv6-m\libg_n.a(lib_a-nano-vfprintf.o)
 *(.eh_frame*)
 *fill*         0x08005569        0x3 
 .eh_frame      0x0800556c        0x0 c:/program files (x86)/embitz/1.11/share/em_armgcc/bin/../lib/gcc/arm-none-eabi/5.4.1/armv6-m/crtbegin.o
 .eh_frame      0x0800556c        0x4 c:/program files (x86)/embitz/1.11/share/em_armgcc/bin/../lib/gcc/arm-none-eabi/5.4.1/armv6-m/crtend.o

.glue_7         0x08005570        0x0
 .glue_7        0x08005570        0x0 linker stubs

.glue_7t        0x08005570        0x0
 .glue_7t       0x08005570        0x0 linker stubs

.vfp11_veneer   0x08005570        0x0
 .vfp11_veneer  0x08005570        0x0 linker stubs

.v4_bx          0x08005570        0x0
 .v4_bx         0x08005570        0x0 linker stubs

.iplt           0x08005570        0x0
 .iplt          0x08005570        0x0 c:/program files (x86)/embitz/1.11/share/em_armgcc/bin/../lib/gcc/arm-none-eabi/5.4.1/armv6-m/crtbegin.o

.ARM.extab
 *(.ARM.extab* .gnu.linkonce.armextab.*)
                0x08005570                __exidx_start = .

.ARM.exidx      0x08005570        0x8
 *(.ARM.exidx* .gnu.linkonce.armexidx.*)
 .ARM.exidx     0x08005570        0x8 c:/program files (x86)/embitz/1.11/share/em_armgcc/bin/../lib/gcc/arm-none-eabi/5.4.1/../../../../arm-none-eabi/lib/armv6-m/crt0.o
                0x08005578                __exidx_end = .
                0x08005578                __etext = .

.rel.dyn        0x08005578        0x0
 .rel.iplt      0x08005578        0x0 c:/program files (x86)/embitz/1.11/share/em_armgcc/bin/../lib/gcc/arm-none-eabi/5.4.1/armv6-m/crtbegin.o

.data           0x20000000       0xb4 load address 0x08005578
                0x20000000                __data_start__ = .
 *(vtable)
 *(.data*)
 .data.APBAHBPrescTable
                0x20000000       0x10 C:\Users\ADMIN\AppData\Local\Temp\ccSC2N0q.ltrans0.ltrans.o
 .data.impure_data
                0x20000010       0x60 c:/program files (x86)/embitz/1.11/share/em_armgcc/bin/../lib/gcc/arm-none-eabi/5.4.1/../../../../arm-none-eabi/lib/armv6-m\libg_n.a(lib_a-impure.o)
 .data._impure_ptr
                0x20000070        0x4 c:/program files (x86)/embitz/1.11/share/em_armgcc/bin/../lib/gcc/arm-none-eabi/5.4.1/../../../../arm-none-eabi/lib/armv6-m\libg_n.a(lib_a-impure.o)
                0x20000070                _impure_ptr
 .data.lconv    0x20000074       0x38 c:/program files (x86)/embitz/1.11/share/em_armgcc/bin/../lib/gcc/arm-none-eabi/5.4.1/../../../../arm-none-eabi/lib/armv6-m\libg_n.a(lib_a-locale.o)
                0x200000ac                . = ALIGN (0x4)
                0x200000ac                PROVIDE (__preinit_array_start, .)
 *(.preinit_array)
                0x200000ac                PROVIDE (__preinit_array_end, .)
                0x200000ac                . = ALIGN (0x4)
                0x200000ac                PROVIDE (__init_array_start, .)
 *(SORT(.init_array.*))
 *(.init_array)
 .init_array    0x200000ac        0x4 c:/program files (x86)/embitz/1.11/share/em_armgcc/bin/../lib/gcc/arm-none-eabi/5.4.1/armv6-m/crtbegin.o
                0x200000b0                PROVIDE (__init_array_end, .)
                0x200000b0                . = ALIGN (0x4)
                [!provide]                PROVIDE (__fini_array_start, .)
 *(SORT(.fini_array.*))
 *(.fini_array)
 .fini_array    0x200000b0        0x4 c:/program files (x86)/embitz/1.11/share/em_armgcc/bin/../lib/gcc/arm-none-eabi/5.4.1/armv6-m/crtbegin.o
                [!provide]                PROVIDE (__fini_array_end, .)
                0x200000b4                . = ALIGN (0x4)
                0x200000b4                __data_end__ = .

.jcr            0x200000b4        0x0 load address 0x0800562c
 .jcr           0x200000b4        0x0 c:/program files (x86)/embitz/1.11/share/em_armgcc/bin/../lib/gcc/arm-none-eabi/5.4.1/armv6-m/crtbegin.o

.igot.plt       0x200000b4        0x0 load address 0x0800562c
 .igot.plt      0x200000b4        0x0 c:/program files (x86)/embitz/1.11/share/em_armgcc/bin/../lib/gcc/arm-none-eabi/5.4.1/armv6-m/crtbegin.o

.bss            0x200000b8       0x5c load address 0x08005630
                0x200000b8                __bss_start__ = .
 *(.bss*)
 .bss           0x200000b8       0x1c c:/program files (x86)/embitz/1.11/share/em_armgcc/bin/../lib/gcc/arm-none-eabi/5.4.1/armv6-m/crtbegin.o
 .bss.usart1_rx_buff
                0x200000d4       0x20 C:\Users\ADMIN\AppData\Local\Temp\ccSC2N0q.ltrans0.ltrans.o
 *fill*         0x200000f4        0x4 
 .bss.last_cycle_count_64
                0x200000f8        0x8 C:\Users\ADMIN\AppData\Local\Temp\ccSC2N0q.ltrans0.ltrans.o
 .bss.usart1_rx_buff_tail
                0x20000100        0x4 C:\Users\ADMIN\AppData\Local\Temp\ccSC2N0q.ltrans0.ltrans.o
 .bss.__malloc_sbrk_start
                0x20000104        0x4 c:/program files (x86)/embitz/1.11/share/em_armgcc/bin/../lib/gcc/arm-none-eabi/5.4.1/../../../../arm-none-eabi/lib/armv6-m\libg_n.a(lib_a-nano-mallocr.o)
                0x20000104                __malloc_sbrk_start
 .bss.__malloc_free_list
                0x20000108        0x4 c:/program files (x86)/embitz/1.11/share/em_armgcc/bin/../lib/gcc/arm-none-eabi/5.4.1/../../../../arm-none-eabi/lib/armv6-m\libg_n.a(lib_a-nano-mallocr.o)
                0x20000108                __malloc_free_list
 .bss.heap_end.4167
                0x2000010c        0x4 c:/program files (x86)/embitz/1.11/share/em_armgcc/bin/../lib/gcc/arm-none-eabi/5.4.1/../../../../arm-none-eabi/lib/armv6-m\libnosys_s.a(sbrk.o)
 *(COMMON)
 COMMON         0x20000110        0x4 c:/program files (x86)/embitz/1.11/share/em_armgcc/bin/../lib/gcc/arm-none-eabi/5.4.1/../../../../arm-none-eabi/lib/armv6-m\libg_n.a(lib_a-reent.o)
                0x20000110                errno
                0x20000114                __bss_end__ = .

.heap           0x20000118        0x0
                0x20000118                __end__ = .
                0x20000118                end = __end__
 *(.heap*)
 .heap          0x20000118        0x0 obj\release\~#\~#\common\spl_f030\src\startup_stm32f0xx.o
                0x20000118                __HeapLimit = .

.stack_dummy    0x20000118      0x100
 *(.stack)
 .stack         0x20000118      0x100 obj\release\~#\~#\common\spl_f030\src\startup_stm32f0xx.o
                0x20001000                __StackTop = (ORIGIN (RAM) + LENGTH (RAM))
                0x20000f00                __StackLimit = (__StackTop - SIZEOF (.stack_dummy))
                0x20001000                PROVIDE (__stack, __StackTop)
                0x00000001                ASSERT ((__StackLimit >= __HeapLimit), region RAM overflowed with stack)
LOAD obj\release\~#\~#\common\spl_f030\spl\src\stm32f0xx_adc.o
LOAD C:\Users\ADMIN\AppData\Local\Temp\ccSC2N0q.ltrans0.ltrans.o
LOAD obj\release\~#\~#\common\spl_f030\spl\src\stm32f0xx_can.o
LOAD obj\release\~#\~#\common\spl_f030\spl\src\stm32f0xx_cec.o
LOAD obj\release\~#\~#\common\spl_f030\spl\src\stm32f0xx_comp.o
LOAD obj\release\~#\~#\common\spl_f030\spl\src\stm32f0xx_crc.o
LOAD obj\release\~#\~#\common\spl_f030\spl\src\stm32f0xx_crs.o
LOAD obj\release\~#\~#\common\spl_f030\spl\src\stm32f0xx_dac.o
LOAD obj\release\~#\~#\common\spl_f030\spl\src\stm32f0xx_dbgmcu.o
LOAD obj\release\~#\~#\common\spl_f030\spl\src\stm32f0xx_dma.o
LOAD obj\release\~#\~#\common\spl_f030\spl\src\stm32f0xx_exti.o
LOAD obj\release\~#\~#\common\spl_f030\spl\src\stm32f0xx_flash.o
LOAD obj\release\~#\~#\common\spl_f030\spl\src\stm32f0xx_gpio.o
LOAD obj\release\~#\~#\common\spl_f030\spl\src\stm32f0xx_i2c.o
LOAD obj\release\~#\~#\common\spl_f030\spl\src\stm32f0xx_iwdg.o
LOAD obj\release\~#\~#\common\spl_f030\spl\src\stm32f0xx_misc.o
LOAD obj\release\~#\~#\common\spl_f030\spl\src\stm32f0xx_pwr.o
LOAD obj\release\~#\~#\common\spl_f030\spl\src\stm32f0xx_rcc.o
LOAD obj\release\~#\~#\common\spl_f030\spl\src\stm32f0xx_rtc.o
LOAD obj\release\~#\~#\common\spl_f030\spl\src\stm32f0xx_spi.o
LOAD obj\release\~#\~#\common\spl_f030\spl\src\stm32f0xx_syscfg.o
LOAD obj\release\~#\~#\common\spl_f030\spl\src\stm32f0xx_tim.o
LOAD obj\release\~#\~#\common\spl_f030\spl\src\stm32f0xx_usart.o
LOAD obj\release\~#\~#\common\spl_f030\spl\src\stm32f0xx_wwdg.o
LOAD obj\release\~#\~#\common\spl_f030\src\startup_stm32f0xx.o
LOAD obj\release\~#\~#\common\spl_f030\src\system_stm32f0xx.o
LOAD obj\release\src\librarycfg.o
LOAD obj\release\src\main.o
START GROUP
LOAD c:/program files (x86)/embitz/1.11/share/em_armgcc/bin/../lib/gcc/arm-none-eabi/5.4.1/armv6-m\libgcc.a
LOAD c:/program files (x86)/embitz/1.11/share/em_armgcc/bin/../lib/gcc/arm-none-eabi/5.4.1/../../../../arm-none-eabi/lib/armv6-m\libg_n.a
LOAD c:/program files (x86)/embitz/1.11/share/em_armgcc/bin/../lib/gcc/arm-none-eabi/5.4.1/../../../../arm-none-eabi/lib/armv6-m\libc_n.a
END GROUP
START GROUP
LOAD c:/program files (x86)/embitz/1.11/share/em_armgcc/bin/../lib/gcc/arm-none-eabi/5.4.1/armv6-m\libgcc.a
LOAD c:/program files (x86)/embitz/1.11/share/em_armgcc/bin/../lib/gcc/arm-none-eabi/5.4.1/../../../../arm-none-eabi/lib/armv6-m\libc_n.a
LOAD c:/program files (x86)/embitz/1.11/share/em_armgcc/bin/../lib/gcc/arm-none-eabi/5.4.1/../../../../arm-none-eabi/lib/armv6-m\libnosys_s.a
END GROUP
LOAD c:/program files (x86)/embitz/1.11/share/em_armgcc/bin/../lib/gcc/arm-none-eabi/5.4.1/armv6-m/crtend.o
LOAD c:/program files (x86)/embitz/1.11/share/em_armgcc/bin/../lib/gcc/arm-none-eabi/5.4.1/armv6-m/crtn.o
OUTPUT(bin\Release\CoreDemo_F030_SPL.elf elf32-littlearm)

.ARM.attributes
                0x00000000       0x28
 .ARM.attributes
                0x00000000       0x1e c:/program files (x86)/embitz/1.11/share/em_armgcc/bin/../lib/gcc/arm-none-eabi/5.4.1/armv6-m/crti.o
 .ARM.attributes
                0x0000001e       0x2c c:/program files (x86)/embitz/1.11/share/em_armgcc/bin/../lib/gcc/arm-none-eabi/5.4.1/armv6-m/crtbegin.o
 .ARM.attributes
                0x0000004a       0x1b c:/program files (x86)/embitz/1.11/share/em_armgcc/bin/../lib/gcc/arm-none-eabi/5.4.1/../../../../arm-none-eabi/lib/armv6-m/crt0.o
 .ARM.attributes
                0x00000065       0x2f C:\Users\ADMIN\AppData\Local\Temp\ccSC2N0q.ltrans0.ltrans.o
 .ARM.attributes
                0x00000094       0x1b obj\release\~#\~#\common\spl_f030\src\startup_stm32f0xx.o
 .ARM.attributes
                0x000000af       0x2c c:/program files (x86)/embitz/1.11/share/em_armgcc/bin/../lib/gcc/arm-none-eabi/5.4.1/../../../../arm-none-eabi/lib/armv6-m\libg_n.a(lib_a-exit.o)
 .ARM.attributes
                0x000000db       0x2c c:/program files (x86)/embitz/1.11/share/em_armgcc/bin/../lib/gcc/arm-none-eabi/5.4.1/../../../../arm-none-eabi/lib/armv6-m\libg_n.a(lib_a-fflush.o)
 .ARM.attributes
                0x00000107       0x2c c:/program files (x86)/embitz/1.11/share/em_armgcc/bin/../lib/gcc/arm-none-eabi/5.4.1/../../../../arm-none-eabi/lib/armv6-m\libg_n.a(lib_a-findfp.o)
 .ARM.attributes
                0x00000133       0x2c c:/program files (x86)/embitz/1.11/share/em_armgcc/bin/../lib/gcc/arm-none-eabi/5.4.1/../../../../arm-none-eabi/lib/armv6-m\libg_n.a(lib_a-fwalk.o)
 .ARM.attributes
                0x0000015f       0x2c c:/program files (x86)/embitz/1.11/share/em_armgcc/bin/../lib/gcc/arm-none-eabi/5.4.1/../../../../arm-none-eabi/lib/armv6-m\libg_n.a(lib_a-impure.o)
 .ARM.attributes
                0x0000018b       0x2c c:/program files (x86)/embitz/1.11/share/em_armgcc/bin/../lib/gcc/arm-none-eabi/5.4.1/../../../../arm-none-eabi/lib/armv6-m\libg_n.a(lib_a-init.o)
 .ARM.attributes
                0x000001b7       0x2c c:/program files (x86)/embitz/1.11/share/em_armgcc/bin/../lib/gcc/arm-none-eabi/5.4.1/../../../../arm-none-eabi/lib/armv6-m\libg_n.a(lib_a-memset.o)
 .ARM.attributes
                0x000001e3       0x2c c:/program files (x86)/embitz/1.11/share/em_armgcc/bin/../lib/gcc/arm-none-eabi/5.4.1/../../../../arm-none-eabi/lib/armv6-m\libg_n.a(lib_a-nano-freer.o)
 .ARM.attributes
                0x0000020f       0x2c c:/program files (x86)/embitz/1.11/share/em_armgcc/bin/../lib/gcc/arm-none-eabi/5.4.1/../../../../arm-none-eabi/lib/armv6-m\libg_n.a(lib_a-nano-mallocr.o)
 .ARM.attributes
                0x0000023b       0x2c c:/program files (x86)/embitz/1.11/share/em_armgcc/bin/../lib/gcc/arm-none-eabi/5.4.1/../../../../arm-none-eabi/lib/armv6-m\libg_n.a(lib_a-nano-vfprintf_float.o)
 .ARM.attributes
                0x00000267       0x2c c:/program files (x86)/embitz/1.11/share/em_armgcc/bin/../lib/gcc/arm-none-eabi/5.4.1/../../../../arm-none-eabi/lib/armv6-m\libg_n.a(lib_a-nano-vfprintf_i.o)
 .ARM.attributes
                0x00000293       0x2c c:/program files (x86)/embitz/1.11/share/em_armgcc/bin/../lib/gcc/arm-none-eabi/5.4.1/../../../../arm-none-eabi/lib/armv6-m\libg_n.a(lib_a-sbrkr.o)
 .ARM.attributes
                0x000002bf       0x2c c:/program files (x86)/embitz/1.11/share/em_armgcc/bin/../lib/gcc/arm-none-eabi/5.4.1/../../../../arm-none-eabi/lib/armv6-m\libg_n.a(lib_a-stdio.o)
 .ARM.attributes
                0x000002eb       0x1c c:/program files (x86)/embitz/1.11/share/em_armgcc/bin/../lib/gcc/arm-none-eabi/5.4.1/../../../../arm-none-eabi/lib/armv6-m\libg_n.a(lib_a-strlen.o)
 .ARM.attributes
                0x00000307       0x2c c:/program files (x86)/embitz/1.11/share/em_armgcc/bin/../lib/gcc/arm-none-eabi/5.4.1/../../../../arm-none-eabi/lib/armv6-m\libg_n.a(lib_a-writer.o)
 .ARM.attributes
                0x00000333       0x2c c:/program files (x86)/embitz/1.11/share/em_armgcc/bin/../lib/gcc/arm-none-eabi/5.4.1/../../../../arm-none-eabi/lib/armv6-m\libg_n.a(lib_a-closer.o)
 .ARM.attributes
                0x0000035f       0x2c c:/program files (x86)/embitz/1.11/share/em_armgcc/bin/../lib/gcc/arm-none-eabi/5.4.1/../../../../arm-none-eabi/lib/armv6-m\libg_n.a(lib_a-dtoa.o)
 .ARM.attributes
                0x0000038b       0x2c c:/program files (x86)/embitz/1.11/share/em_armgcc/bin/../lib/gcc/arm-none-eabi/5.4.1/../../../../arm-none-eabi/lib/armv6-m\libg_n.a(lib_a-locale.o)
 .ARM.attributes
                0x000003b7       0x2c c:/program files (x86)/embitz/1.11/share/em_armgcc/bin/../lib/gcc/arm-none-eabi/5.4.1/../../../../arm-none-eabi/lib/armv6-m\libg_n.a(lib_a-lseekr.o)
 .ARM.attributes
                0x000003e3       0x2c c:/program files (x86)/embitz/1.11/share/em_armgcc/bin/../lib/gcc/arm-none-eabi/5.4.1/../../../../arm-none-eabi/lib/armv6-m\libg_n.a(lib_a-malloc.o)
 .ARM.attributes
                0x0000040f       0x2c c:/program files (x86)/embitz/1.11/share/em_armgcc/bin/../lib/gcc/arm-none-eabi/5.4.1/../../../../arm-none-eabi/lib/armv6-m\libg_n.a(lib_a-memchr-stub.o)
 .ARM.attributes
                0x0000043b       0x2c c:/program files (x86)/embitz/1.11/share/em_armgcc/bin/../lib/gcc/arm-none-eabi/5.4.1/../../../../arm-none-eabi/lib/armv6-m\libg_n.a(lib_a-memcpy-stub.o)
 .ARM.attributes
                0x00000467       0x2c c:/program files (x86)/embitz/1.11/share/em_armgcc/bin/../lib/gcc/arm-none-eabi/5.4.1/../../../../arm-none-eabi/lib/armv6-m\libg_n.a(lib_a-mlock.o)
 .ARM.attributes
                0x00000493       0x2c c:/program files (x86)/embitz/1.11/share/em_armgcc/bin/../lib/gcc/arm-none-eabi/5.4.1/../../../../arm-none-eabi/lib/armv6-m\libg_n.a(lib_a-mprec.o)
 .ARM.attributes
                0x000004bf       0x2c c:/program files (x86)/embitz/1.11/share/em_armgcc/bin/../lib/gcc/arm-none-eabi/5.4.1/../../../../arm-none-eabi/lib/armv6-m\libg_n.a(lib_a-nano-callocr.o)
 .ARM.attributes
                0x000004eb       0x2c c:/program files (x86)/embitz/1.11/share/em_armgcc/bin/../lib/gcc/arm-none-eabi/5.4.1/../../../../arm-none-eabi/lib/armv6-m\libg_n.a(lib_a-readr.o)
 .ARM.attributes
                0x00000517       0x2c c:/program files (x86)/embitz/1.11/share/em_armgcc/bin/../lib/gcc/arm-none-eabi/5.4.1/../../../../arm-none-eabi/lib/armv6-m\libg_n.a(lib_a-reent.o)
 .ARM.attributes
                0x00000543       0x1e c:/program files (x86)/embitz/1.11/share/em_armgcc/bin/../lib/gcc/arm-none-eabi/5.4.1/armv6-m\libgcc.a(_thumb1_case_uqi.o)
 .ARM.attributes
                0x00000561       0x1e c:/program files (x86)/embitz/1.11/share/em_armgcc/bin/../lib/gcc/arm-none-eabi/5.4.1/armv6-m\libgcc.a(_udivsi3.o)
 .ARM.attributes
                0x0000057f       0x1e c:/program files (x86)/embitz/1.11/share/em_armgcc/bin/../lib/gcc/arm-none-eabi/5.4.1/armv6-m\libgcc.a(_divsi3.o)
 .ARM.attributes
                0x0000059d       0x1e c:/program files (x86)/embitz/1.11/share/em_armgcc/bin/../lib/gcc/arm-none-eabi/5.4.1/armv6-m\libgcc.a(_dvmd_tls.o)
 .ARM.attributes
                0x000005bb       0x1e c:/program files (x86)/embitz/1.11/share/em_armgcc/bin/../lib/gcc/arm-none-eabi/5.4.1/armv6-m\libgcc.a(_arm_cmpdf2.o)
 .ARM.attributes
                0x000005d9       0x2c c:/program files (x86)/embitz/1.11/share/em_armgcc/bin/../lib/gcc/arm-none-eabi/5.4.1/armv6-m\libgcc.a(adddf3.o)
 .ARM.attributes
                0x00000605       0x2c c:/program files (x86)/embitz/1.11/share/em_armgcc/bin/../lib/gcc/arm-none-eabi/5.4.1/armv6-m\libgcc.a(divdf3.o)
 .ARM.attributes
                0x00000631       0x2c c:/program files (x86)/embitz/1.11/share/em_armgcc/bin/../lib/gcc/arm-none-eabi/5.4.1/armv6-m\libgcc.a(eqdf2.o)
 .ARM.attributes
                0x0000065d       0x2c c:/program files (x86)/embitz/1.11/share/em_armgcc/bin/../lib/gcc/arm-none-eabi/5.4.1/armv6-m\libgcc.a(gedf2.o)
 .ARM.attributes
                0x00000689       0x2c c:/program files (x86)/embitz/1.11/share/em_armgcc/bin/../lib/gcc/arm-none-eabi/5.4.1/armv6-m\libgcc.a(ledf2.o)
 .ARM.attributes
                0x000006b5       0x2c c:/program files (x86)/embitz/1.11/share/em_armgcc/bin/../lib/gcc/arm-none-eabi/5.4.1/armv6-m\libgcc.a(muldf3.o)
 .ARM.attributes
                0x000006e1       0x2c c:/program files (x86)/embitz/1.11/share/em_armgcc/bin/../lib/gcc/arm-none-eabi/5.4.1/armv6-m\libgcc.a(subdf3.o)
 .ARM.attributes
                0x0000070d       0x2c c:/program files (x86)/embitz/1.11/share/em_armgcc/bin/../lib/gcc/arm-none-eabi/5.4.1/armv6-m\libgcc.a(unorddf2.o)
 .ARM.attributes
                0x00000739       0x2c c:/program files (x86)/embitz/1.11/share/em_armgcc/bin/../lib/gcc/arm-none-eabi/5.4.1/armv6-m\libgcc.a(fixdfsi.o)
 .ARM.attributes
                0x00000765       0x2c c:/program files (x86)/embitz/1.11/share/em_armgcc/bin/../lib/gcc/arm-none-eabi/5.4.1/armv6-m\libgcc.a(floatsidf.o)
 .ARM.attributes
                0x00000791       0x2c c:/program files (x86)/embitz/1.11/share/em_armgcc/bin/../lib/gcc/arm-none-eabi/5.4.1/armv6-m\libgcc.a(floatunsidf.o)
 .ARM.attributes
                0x000007bd       0x1e c:/program files (x86)/embitz/1.11/share/em_armgcc/bin/../lib/gcc/arm-none-eabi/5.4.1/armv6-m\libgcc.a(_clzsi2.o)
 .ARM.attributes
                0x000007db       0x2c c:/program files (x86)/embitz/1.11/share/em_armgcc/bin/../lib/gcc/arm-none-eabi/5.4.1/../../../../arm-none-eabi/lib/armv6-m\libnosys_s.a(close.o)
 .ARM.attributes
                0x00000807       0x2c c:/program files (x86)/embitz/1.11/share/em_armgcc/bin/../lib/gcc/arm-none-eabi/5.4.1/../../../../arm-none-eabi/lib/armv6-m\libnosys_s.a(lseek.o)
 .ARM.attributes
                0x00000833       0x2c c:/program files (x86)/embitz/1.11/share/em_armgcc/bin/../lib/gcc/arm-none-eabi/5.4.1/../../../../arm-none-eabi/lib/armv6-m\libnosys_s.a(read.o)
 .ARM.attributes
                0x0000085f       0x2c c:/program files (x86)/embitz/1.11/share/em_armgcc/bin/../lib/gcc/arm-none-eabi/5.4.1/../../../../arm-none-eabi/lib/armv6-m\libnosys_s.a(sbrk.o)
 .ARM.attributes
                0x0000088b       0x2c c:/program files (x86)/embitz/1.11/share/em_armgcc/bin/../lib/gcc/arm-none-eabi/5.4.1/../../../../arm-none-eabi/lib/armv6-m\libnosys_s.a(_exit.o)
 .ARM.attributes
                0x000008b7       0x2c c:/program files (x86)/embitz/1.11/share/em_armgcc/bin/../lib/gcc/arm-none-eabi/5.4.1/armv6-m/crtend.o
 .ARM.attributes
                0x000008e3       0x1e c:/program files (x86)/embitz/1.11/share/em_armgcc/bin/../lib/gcc/arm-none-eabi/5.4.1/armv6-m/crtn.o
 .ARM.attributes
                0x00000901       0x2c c:/program files (x86)/embitz/1.11/share/em_armgcc/bin/../lib/gcc/arm-none-eabi/5.4.1/../../../../arm-none-eabi/lib/armv6-m\libg_n.a(lib_a-printf.o)
 .ARM.attributes
                0x0000092d       0x2c c:/program files (x86)/embitz/1.11/share/em_armgcc/bin/../lib/gcc/arm-none-eabi/5.4.1/../../../../arm-none-eabi/lib/armv6-m\libg_n.a(lib_a-putchar.o)
 .ARM.attributes
                0x00000959       0x2c c:/program files (x86)/embitz/1.11/share/em_armgcc/bin/../lib/gcc/arm-none-eabi/5.4.1/../../../../arm-none-eabi/lib/armv6-m\libg_n.a(lib_a-nano-vfprintf.o)
 .ARM.attributes
                0x00000985       0x2c c:/program files (x86)/embitz/1.11/share/em_armgcc/bin/../lib/gcc/arm-none-eabi/5.4.1/../../../../arm-none-eabi/lib/armv6-m\libg_n.a(lib_a-putc.o)
 .ARM.attributes
                0x000009b1       0x2c c:/program files (x86)/embitz/1.11/share/em_armgcc/bin/../lib/gcc/arm-none-eabi/5.4.1/../../../../arm-none-eabi/lib/armv6-m\libg_n.a(lib_a-wbuf.o)
 .ARM.attributes
                0x000009dd       0x2c c:/program files (x86)/embitz/1.11/share/em_armgcc/bin/../lib/gcc/arm-none-eabi/5.4.1/../../../../arm-none-eabi/lib/armv6-m\libg_n.a(lib_a-wsetup.o)
 .ARM.attributes
                0x00000a09       0x2c c:/program files (x86)/embitz/1.11/share/em_armgcc/bin/../lib/gcc/arm-none-eabi/5.4.1/../../../../arm-none-eabi/lib/armv6-m\libg_n.a(lib_a-makebuf.o)
 .ARM.attributes
                0x00000a35       0x2c c:/program files (x86)/embitz/1.11/share/em_armgcc/bin/../lib/gcc/arm-none-eabi/5.4.1/../../../../arm-none-eabi/lib/armv6-m\libg_n.a(lib_a-fstatr.o)
 .ARM.attributes
                0x00000a61       0x2c c:/program files (x86)/embitz/1.11/share/em_armgcc/bin/../lib/gcc/arm-none-eabi/5.4.1/../../../../arm-none-eabi/lib/armv6-m\libg_n.a(lib_a-isattyr.o)
 .ARM.attributes
                0x00000a8d       0x2c c:/program files (x86)/embitz/1.11/share/em_armgcc/bin/../lib/gcc/arm-none-eabi/5.4.1/../../../../arm-none-eabi/lib/armv6-m\libnosys_s.a(fstat.o)
 .ARM.attributes
                0x00000ab9       0x2c c:/program files (x86)/embitz/1.11/share/em_armgcc/bin/../lib/gcc/arm-none-eabi/5.4.1/../../../../arm-none-eabi/lib/armv6-m\libnosys_s.a(isatty.o)

.comment        0x00000000       0x6e
 .comment       0x00000000       0x6e C:\Users\ADMIN\AppData\Local\Temp\ccSC2N0q.ltrans0.ltrans.o
                                 0x6f (size before relaxing)

.debug_info     0x00000000     0x111c
 .debug_info    0x00000000     0x1069 C:\Users\ADMIN\AppData\Local\Temp\ccSC2N0q.ltrans0.ltrans.o
 .debug_info    0x00001069       0xb3 obj\release\~#\~#\common\spl_f030\src\startup_stm32f0xx.o

.debug_abbrev   0x00000000      0x4b2
 .debug_abbrev  0x00000000      0x49e C:\Users\ADMIN\AppData\Local\Temp\ccSC2N0q.ltrans0.ltrans.o
 .debug_abbrev  0x0000049e       0x14 obj\release\~#\~#\common\spl_f030\src\startup_stm32f0xx.o

.debug_loc      0x00000000      0x678
 .debug_loc     0x00000000      0x678 C:\Users\ADMIN\AppData\Local\Temp\ccSC2N0q.ltrans0.ltrans.o

.debug_aranges  0x00000000       0x60
 .debug_aranges
                0x00000000       0x40 C:\Users\ADMIN\AppData\Local\Temp\ccSC2N0q.ltrans0.ltrans.o
 .debug_aranges
                0x00000040       0x20 obj\release\~#\~#\common\spl_f030\src\startup_stm32f0xx.o

.debug_ranges   0x00000000      0x470
 .debug_ranges  0x00000000      0x470 C:\Users\ADMIN\AppData\Local\Temp\ccSC2N0q.ltrans0.ltrans.o

.debug_line     0x00000000      0x669
 .debug_line    0x00000000      0x5ba C:\Users\ADMIN\AppData\Local\Temp\ccSC2N0q.ltrans0.ltrans.o
 .debug_line    0x000005ba       0xaf obj\release\~#\~#\common\spl_f030\src\startup_stm32f0xx.o

.debug_str      0x00000000      0x831
 .debug_str     0x00000000      0x831 C:\Users\ADMIN\AppData\Local\Temp\ccSC2N0q.ltrans0.ltrans.o
                                0x897 (size before relaxing)

.debug_frame    0x00000000     0x100c
 .debug_frame   0x00000000       0xb4 C:\Users\ADMIN\AppData\Local\Temp\ccSC2N0q.ltrans0.ltrans.o
 .debug_frame   0x000000b4       0x28 c:/program files (x86)/embitz/1.11/share/em_armgcc/bin/../lib/gcc/arm-none-eabi/5.4.1/../../../../arm-none-eabi/lib/armv6-m\libg_n.a(lib_a-exit.o)
 .debug_frame   0x000000dc       0x68 c:/program files (x86)/embitz/1.11/share/em_armgcc/bin/../lib/gcc/arm-none-eabi/5.4.1/../../../../arm-none-eabi/lib/armv6-m\libg_n.a(lib_a-fflush.o)
 .debug_frame   0x00000144      0x140 c:/program files (x86)/embitz/1.11/share/em_armgcc/bin/../lib/gcc/arm-none-eabi/5.4.1/../../../../arm-none-eabi/lib/armv6-m\libg_n.a(lib_a-findfp.o)
 .debug_frame   0x00000284       0x58 c:/program files (x86)/embitz/1.11/share/em_armgcc/bin/../lib/gcc/arm-none-eabi/5.4.1/../../../../arm-none-eabi/lib/armv6-m\libg_n.a(lib_a-fwalk.o)
 .debug_frame   0x000002dc       0x2c c:/program files (x86)/embitz/1.11/share/em_armgcc/bin/../lib/gcc/arm-none-eabi/5.4.1/../../../../arm-none-eabi/lib/armv6-m\libg_n.a(lib_a-init.o)
 .debug_frame   0x00000308       0x20 c:/program files (x86)/embitz/1.11/share/em_armgcc/bin/../lib/gcc/arm-none-eabi/5.4.1/../../../../arm-none-eabi/lib/armv6-m\libg_n.a(lib_a-memset.o)
 .debug_frame   0x00000328       0x2c c:/program files (x86)/embitz/1.11/share/em_armgcc/bin/../lib/gcc/arm-none-eabi/5.4.1/../../../../arm-none-eabi/lib/armv6-m\libg_n.a(lib_a-nano-freer.o)
 .debug_frame   0x00000354       0x2c c:/program files (x86)/embitz/1.11/share/em_armgcc/bin/../lib/gcc/arm-none-eabi/5.4.1/../../../../arm-none-eabi/lib/armv6-m\libg_n.a(lib_a-nano-mallocr.o)
 .debug_frame   0x00000380       0x74 c:/program files (x86)/embitz/1.11/share/em_armgcc/bin/../lib/gcc/arm-none-eabi/5.4.1/../../../../arm-none-eabi/lib/armv6-m\libg_n.a(lib_a-nano-vfprintf_float.o)
 .debug_frame   0x000003f4       0x54 c:/program files (x86)/embitz/1.11/share/em_armgcc/bin/../lib/gcc/arm-none-eabi/5.4.1/../../../../arm-none-eabi/lib/armv6-m\libg_n.a(lib_a-nano-vfprintf_i.o)
 .debug_frame   0x00000448       0x2c c:/program files (x86)/embitz/1.11/share/em_armgcc/bin/../lib/gcc/arm-none-eabi/5.4.1/../../../../arm-none-eabi/lib/armv6-m\libg_n.a(lib_a-sbrkr.o)
 .debug_frame   0x00000474       0x90 c:/program files (x86)/embitz/1.11/share/em_armgcc/bin/../lib/gcc/arm-none-eabi/5.4.1/../../../../arm-none-eabi/lib/armv6-m\libg_n.a(lib_a-stdio.o)
 .debug_frame   0x00000504       0x2c c:/program files (x86)/embitz/1.11/share/em_armgcc/bin/../lib/gcc/arm-none-eabi/5.4.1/../../../../arm-none-eabi/lib/armv6-m\libg_n.a(lib_a-writer.o)
 .debug_frame   0x00000530       0x2c c:/program files (x86)/embitz/1.11/share/em_armgcc/bin/../lib/gcc/arm-none-eabi/5.4.1/../../../../arm-none-eabi/lib/armv6-m\libg_n.a(lib_a-closer.o)
 .debug_frame   0x0000055c       0x54 c:/program files (x86)/embitz/1.11/share/em_armgcc/bin/../lib/gcc/arm-none-eabi/5.4.1/../../../../arm-none-eabi/lib/armv6-m\libg_n.a(lib_a-dtoa.o)
 .debug_frame   0x000005b0       0xa4 c:/program files (x86)/embitz/1.11/share/em_armgcc/bin/../lib/gcc/arm-none-eabi/5.4.1/../../../../arm-none-eabi/lib/armv6-m\libg_n.a(lib_a-locale.o)
 .debug_frame   0x00000654       0x2c c:/program files (x86)/embitz/1.11/share/em_armgcc/bin/../lib/gcc/arm-none-eabi/5.4.1/../../../../arm-none-eabi/lib/armv6-m\libg_n.a(lib_a-lseekr.o)
 .debug_frame   0x00000680       0x40 c:/program files (x86)/embitz/1.11/share/em_armgcc/bin/../lib/gcc/arm-none-eabi/5.4.1/../../../../arm-none-eabi/lib/armv6-m\libg_n.a(lib_a-malloc.o)
 .debug_frame   0x000006c0       0x20 c:/program files (x86)/embitz/1.11/share/em_armgcc/bin/../lib/gcc/arm-none-eabi/5.4.1/../../../../arm-none-eabi/lib/armv6-m\libg_n.a(lib_a-memchr-stub.o)
 .debug_frame   0x000006e0       0x28 c:/program files (x86)/embitz/1.11/share/em_armgcc/bin/../lib/gcc/arm-none-eabi/5.4.1/../../../../arm-none-eabi/lib/armv6-m\libg_n.a(lib_a-memcpy-stub.o)
 .debug_frame   0x00000708       0x30 c:/program files (x86)/embitz/1.11/share/em_armgcc/bin/../lib/gcc/arm-none-eabi/5.4.1/../../../../arm-none-eabi/lib/armv6-m\libg_n.a(lib_a-mlock.o)
 .debug_frame   0x00000738      0x238 c:/program files (x86)/embitz/1.11/share/em_armgcc/bin/../lib/gcc/arm-none-eabi/5.4.1/../../../../arm-none-eabi/lib/armv6-m\libg_n.a(lib_a-mprec.o)
 .debug_frame   0x00000970       0x2c c:/program files (x86)/embitz/1.11/share/em_armgcc/bin/../lib/gcc/arm-none-eabi/5.4.1/../../../../arm-none-eabi/lib/armv6-m\libg_n.a(lib_a-nano-callocr.o)
 .debug_frame   0x0000099c       0x2c c:/program files (x86)/embitz/1.11/share/em_armgcc/bin/../lib/gcc/arm-none-eabi/5.4.1/../../../../arm-none-eabi/lib/armv6-m\libg_n.a(lib_a-readr.o)
 .debug_frame   0x000009c8       0x48 c:/program files (x86)/embitz/1.11/share/em_armgcc/bin/../lib/gcc/arm-none-eabi/5.4.1/../../../../arm-none-eabi/lib/armv6-m\libg_n.a(lib_a-reent.o)
 .debug_frame   0x00000a10       0x20 c:/program files (x86)/embitz/1.11/share/em_armgcc/bin/../lib/gcc/arm-none-eabi/5.4.1/armv6-m\libgcc.a(_udivsi3.o)
 .debug_frame   0x00000a30       0x20 c:/program files (x86)/embitz/1.11/share/em_armgcc/bin/../lib/gcc/arm-none-eabi/5.4.1/armv6-m\libgcc.a(_divsi3.o)
 .debug_frame   0x00000a50       0x3c c:/program files (x86)/embitz/1.11/share/em_armgcc/bin/../lib/gcc/arm-none-eabi/5.4.1/armv6-m\libgcc.a(adddf3.o)
 .debug_frame   0x00000a8c       0x3c c:/program files (x86)/embitz/1.11/share/em_armgcc/bin/../lib/gcc/arm-none-eabi/5.4.1/armv6-m\libgcc.a(divdf3.o)
 .debug_frame   0x00000ac8       0x38 c:/program files (x86)/embitz/1.11/share/em_armgcc/bin/../lib/gcc/arm-none-eabi/5.4.1/armv6-m\libgcc.a(eqdf2.o)
 .debug_frame   0x00000b00       0x38 c:/program files (x86)/embitz/1.11/share/em_armgcc/bin/../lib/gcc/arm-none-eabi/5.4.1/armv6-m\libgcc.a(gedf2.o)
 .debug_frame   0x00000b38       0x38 c:/program files (x86)/embitz/1.11/share/em_armgcc/bin/../lib/gcc/arm-none-eabi/5.4.1/armv6-m\libgcc.a(ledf2.o)
 .debug_frame   0x00000b70       0x3c c:/program files (x86)/embitz/1.11/share/em_armgcc/bin/../lib/gcc/arm-none-eabi/5.4.1/armv6-m\libgcc.a(muldf3.o)
 .debug_frame   0x00000bac       0x38 c:/program files (x86)/embitz/1.11/share/em_armgcc/bin/../lib/gcc/arm-none-eabi/5.4.1/armv6-m\libgcc.a(subdf3.o)
 .debug_frame   0x00000be4       0x2c c:/program files (x86)/embitz/1.11/share/em_armgcc/bin/../lib/gcc/arm-none-eabi/5.4.1/armv6-m\libgcc.a(unorddf2.o)
 .debug_frame   0x00000c10       0x2c c:/program files (x86)/embitz/1.11/share/em_armgcc/bin/../lib/gcc/arm-none-eabi/5.4.1/armv6-m\libgcc.a(fixdfsi.o)
 .debug_frame   0x00000c3c       0x2c c:/program files (x86)/embitz/1.11/share/em_armgcc/bin/../lib/gcc/arm-none-eabi/5.4.1/armv6-m\libgcc.a(floatsidf.o)
 .debug_frame   0x00000c68       0x2c c:/program files (x86)/embitz/1.11/share/em_armgcc/bin/../lib/gcc/arm-none-eabi/5.4.1/armv6-m\libgcc.a(floatunsidf.o)
 .debug_frame   0x00000c94       0x20 c:/program files (x86)/embitz/1.11/share/em_armgcc/bin/../lib/gcc/arm-none-eabi/5.4.1/../../../../arm-none-eabi/lib/armv6-m\libnosys_s.a(close.o)
 .debug_frame   0x00000cb4       0x20 c:/program files (x86)/embitz/1.11/share/em_armgcc/bin/../lib/gcc/arm-none-eabi/5.4.1/../../../../arm-none-eabi/lib/armv6-m\libnosys_s.a(lseek.o)
 .debug_frame   0x00000cd4       0x20 c:/program files (x86)/embitz/1.11/share/em_armgcc/bin/../lib/gcc/arm-none-eabi/5.4.1/../../../../arm-none-eabi/lib/armv6-m\libnosys_s.a(read.o)
 .debug_frame   0x00000cf4       0x20 c:/program files (x86)/embitz/1.11/share/em_armgcc/bin/../lib/gcc/arm-none-eabi/5.4.1/../../../../arm-none-eabi/lib/armv6-m\libnosys_s.a(sbrk.o)
 .debug_frame   0x00000d14       0x20 c:/program files (x86)/embitz/1.11/share/em_armgcc/bin/../lib/gcc/arm-none-eabi/5.4.1/../../../../arm-none-eabi/lib/armv6-m\libnosys_s.a(_exit.o)
 .debug_frame   0x00000d34       0x50 c:/program files (x86)/embitz/1.11/share/em_armgcc/bin/../lib/gcc/arm-none-eabi/5.4.1/../../../../arm-none-eabi/lib/armv6-m\libg_n.a(lib_a-printf.o)
 .debug_frame   0x00000d84       0x48 c:/program files (x86)/embitz/1.11/share/em_armgcc/bin/../lib/gcc/arm-none-eabi/5.4.1/../../../../arm-none-eabi/lib/armv6-m\libg_n.a(lib_a-putchar.o)
 .debug_frame   0x00000dcc       0x9c c:/program files (x86)/embitz/1.11/share/em_armgcc/bin/../lib/gcc/arm-none-eabi/5.4.1/../../../../arm-none-eabi/lib/armv6-m\libg_n.a(lib_a-nano-vfprintf.o)
 .debug_frame   0x00000e68       0x44 c:/program files (x86)/embitz/1.11/share/em_armgcc/bin/../lib/gcc/arm-none-eabi/5.4.1/../../../../arm-none-eabi/lib/armv6-m\libg_n.a(lib_a-putc.o)
 .debug_frame   0x00000eac       0x48 c:/program files (x86)/embitz/1.11/share/em_armgcc/bin/../lib/gcc/arm-none-eabi/5.4.1/../../../../arm-none-eabi/lib/armv6-m\libg_n.a(lib_a-wbuf.o)
 .debug_frame   0x00000ef4       0x2c c:/program files (x86)/embitz/1.11/share/em_armgcc/bin/../lib/gcc/arm-none-eabi/5.4.1/../../../../arm-none-eabi/lib/armv6-m\libg_n.a(lib_a-wsetup.o)
 .debug_frame   0x00000f20       0x54 c:/program files (x86)/embitz/1.11/share/em_armgcc/bin/../lib/gcc/arm-none-eabi/5.4.1/../../../../arm-none-eabi/lib/armv6-m\libg_n.a(lib_a-makebuf.o)
 .debug_frame   0x00000f74       0x2c c:/program files (x86)/embitz/1.11/share/em_armgcc/bin/../lib/gcc/arm-none-eabi/5.4.1/../../../../arm-none-eabi/lib/armv6-m\libg_n.a(lib_a-fstatr.o)
 .debug_frame   0x00000fa0       0x2c c:/program files (x86)/embitz/1.11/share/em_armgcc/bin/../lib/gcc/arm-none-eabi/5.4.1/../../../../arm-none-eabi/lib/armv6-m\libg_n.a(lib_a-isattyr.o)
 .debug_frame   0x00000fcc       0x20 c:/program files (x86)/embitz/1.11/share/em_armgcc/bin/../lib/gcc/arm-none-eabi/5.4.1/../../../../arm-none-eabi/lib/armv6-m\libnosys_s.a(fstat.o)
 .debug_frame   0x00000fec       0x20 c:/program files (x86)/embitz/1.11/share/em_armgcc/bin/../lib/gcc/arm-none-eabi/5.4.1/../../../../arm-none-eabi/lib/armv6-m\libnosys_s.a(isatty.o)

.stab           0x00000000       0x84
 .stab          0x00000000       0x24 c:/program files (x86)/embitz/1.11/share/em_armgcc/bin/../lib/gcc/arm-none-eabi/5.4.1/../../../../arm-none-eabi/lib/armv6-m\libnosys_s.a(close.o)
 .stab          0x00000024       0x18 c:/program files (x86)/embitz/1.11/share/em_armgcc/bin/../lib/gcc/arm-none-eabi/5.4.1/../../../../arm-none-eabi/lib/armv6-m\libnosys_s.a(lseek.o)
                                 0x24 (size before relaxing)
 .stab          0x0000003c       0x18 c:/program files (x86)/embitz/1.11/share/em_armgcc/bin/../lib/gcc/arm-none-eabi/5.4.1/../../../../arm-none-eabi/lib/armv6-m\libnosys_s.a(read.o)
                                 0x24 (size before relaxing)
 .stab          0x00000054       0x18 c:/program files (x86)/embitz/1.11/share/em_armgcc/bin/../lib/gcc/arm-none-eabi/5.4.1/../../../../arm-none-eabi/lib/armv6-m\libnosys_s.a(fstat.o)
                                 0x24 (size before relaxing)
 .stab          0x0000006c       0x18 c:/program files (x86)/embitz/1.11/share/em_armgcc/bin/../lib/gcc/arm-none-eabi/5.4.1/../../../../arm-none-eabi/lib/armv6-m\libnosys_s.a(isatty.o)
                                 0x24 (size before relaxing)

.stabstr        0x00000000      0x117
 .stabstr       0x00000000      0x117 c:/program files (x86)/embitz/1.11/share/em_armgcc/bin/../lib/gcc/arm-none-eabi/5.4.1/../../../../arm-none-eabi/lib/armv6-m\libnosys_s.a(close.o)
